Analysis & Synthesis report for lab8
Fri Mar 03 12:44:35 2017
Quartus II 64-Bit Version 15.0.0 Build 145 04/22/2015 SJ Web Edition


---------------------
; Table of Contents ;
---------------------
  1. Legal Notice
  2. Analysis & Synthesis Summary
  3. Analysis & Synthesis Settings
  4. Parallel Compilation
  5. Analysis & Synthesis Source Files Read
  6. Analysis & Synthesis Resource Usage Summary
  7. Analysis & Synthesis Resource Utilization by Entity
  8. Analysis & Synthesis DSP Block Usage Summary
  9. Registers Removed During Synthesis
 10. Removed Registers Triggering Further Register Optimizations
 11. General Register Statistics
 12. Multiplexer Restructuring Statistics (Restructuring Performed)
 13. Parameter Settings for User Entity Instance: VGA_controller:vga_controller_instance
 14. Parameter Settings for User Entity Instance: ball:ball_instance
 15. Parameter Settings for Inferred Entity Instance: color_mapper:color_instance|lpm_mult:Mult1
 16. Parameter Settings for Inferred Entity Instance: color_mapper:color_instance|lpm_mult:Mult0
 17. lpm_mult Parameter Settings by Entity Instance
 18. Post-Synthesis Netlist Statistics for Top Partition
 19. Elapsed Time Per Partition
 20. Analysis & Synthesis Messages
 21. Analysis & Synthesis Suppressed Messages



----------------
; Legal Notice ;
----------------
Copyright (C) 1991-2015 Altera Corporation. All rights reserved.
Your use of Altera Corporation's design tools, logic functions 
and other software and tools, and its AMPP partner logic 
functions, and any output files from any of the foregoing 
(including device programming or simulation files), and any 
associated documentation or information are expressly subject 
to the terms and conditions of the Altera Program License 
Subscription Agreement, the Altera Quartus II License Agreement,
the Altera MegaCore Function License Agreement, or other 
applicable license agreement, including, without limitation, 
that your use is for the sole purpose of programming logic 
devices manufactured by Altera and sold by Altera or its 
authorized distributors.  Please refer to the applicable 
agreement for further details.



+---------------------------------------------------------------------------------+
; Analysis & Synthesis Summary                                                    ;
+------------------------------------+--------------------------------------------+
; Analysis & Synthesis Status        ; Successful - Fri Mar 03 12:44:31 2017      ;
; Quartus II 64-Bit Version          ; 15.0.0 Build 145 04/22/2015 SJ Web Edition ;
; Revision Name                      ; lab8                                       ;
; Top-level Entity Name              ; lab8                                       ;
; Family                             ; Cyclone IV E                               ;
; Total logic elements               ; 136                                        ;
;     Total combinational functions  ; 135                                        ;
;     Dedicated logic registers      ; 36                                         ;
; Total registers                    ; 36                                         ;
; Total pins                         ; 128                                        ;
; Total virtual pins                 ; 0                                          ;
; Total memory bits                  ; 0                                          ;
; Embedded Multiplier 9-bit elements ; 4                                          ;
; Total PLLs                         ; 0                                          ;
+------------------------------------+--------------------------------------------+


+----------------------------------------------------------------------------------------------------------------------+
; Analysis & Synthesis Settings                                                                                        ;
+----------------------------------------------------------------------------+--------------------+--------------------+
; Option                                                                     ; Setting            ; Default Value      ;
+----------------------------------------------------------------------------+--------------------+--------------------+
; Device                                                                     ; EP4CE115F29C7      ;                    ;
; Top-level entity name                                                      ; lab8               ; lab8               ;
; Family name                                                                ; Cyclone IV E       ; Cyclone V          ;
; Use smart compilation                                                      ; Off                ; Off                ;
; Enable parallel Assembler and TimeQuest Timing Analyzer during compilation ; On                 ; On                 ;
; Enable compact report table                                                ; Off                ; Off                ;
; Restructure Multiplexers                                                   ; Auto               ; Auto               ;
; Create Debugging Nodes for IP Cores                                        ; Off                ; Off                ;
; Preserve fewer node names                                                  ; On                 ; On                 ;
; Disable OpenCore Plus hardware evaluation                                  ; Off                ; Off                ;
; Verilog Version                                                            ; Verilog_2001       ; Verilog_2001       ;
; VHDL Version                                                               ; VHDL_1993          ; VHDL_1993          ;
; State Machine Processing                                                   ; Auto               ; Auto               ;
; Safe State Machine                                                         ; Off                ; Off                ;
; Extract Verilog State Machines                                             ; On                 ; On                 ;
; Extract VHDL State Machines                                                ; On                 ; On                 ;
; Ignore Verilog initial constructs                                          ; Off                ; Off                ;
; Iteration limit for constant Verilog loops                                 ; 5000               ; 5000               ;
; Iteration limit for non-constant Verilog loops                             ; 250                ; 250                ;
; Add Pass-Through Logic to Inferred RAMs                                    ; On                 ; On                 ;
; Infer RAMs from Raw Logic                                                  ; On                 ; On                 ;
; Parallel Synthesis                                                         ; On                 ; On                 ;
; DSP Block Balancing                                                        ; Auto               ; Auto               ;
; NOT Gate Push-Back                                                         ; On                 ; On                 ;
; Power-Up Don't Care                                                        ; On                 ; On                 ;
; Remove Redundant Logic Cells                                               ; Off                ; Off                ;
; Remove Duplicate Registers                                                 ; On                 ; On                 ;
; Ignore CARRY Buffers                                                       ; Off                ; Off                ;
; Ignore CASCADE Buffers                                                     ; Off                ; Off                ;
; Ignore GLOBAL Buffers                                                      ; Off                ; Off                ;
; Ignore ROW GLOBAL Buffers                                                  ; Off                ; Off                ;
; Ignore LCELL Buffers                                                       ; Off                ; Off                ;
; Ignore SOFT Buffers                                                        ; On                 ; On                 ;
; Limit AHDL Integers to 32 Bits                                             ; Off                ; Off                ;
; Optimization Technique                                                     ; Balanced           ; Balanced           ;
; Carry Chain Length                                                         ; 70                 ; 70                 ;
; Auto Carry Chains                                                          ; On                 ; On                 ;
; Auto Open-Drain Pins                                                       ; On                 ; On                 ;
; Perform WYSIWYG Primitive Resynthesis                                      ; Off                ; Off                ;
; Auto ROM Replacement                                                       ; On                 ; On                 ;
; Auto RAM Replacement                                                       ; On                 ; On                 ;
; Auto DSP Block Replacement                                                 ; On                 ; On                 ;
; Auto Shift Register Replacement                                            ; Auto               ; Auto               ;
; Allow Shift Register Merging across Hierarchies                            ; Auto               ; Auto               ;
; Auto Clock Enable Replacement                                              ; On                 ; On                 ;
; Strict RAM Replacement                                                     ; Off                ; Off                ;
; Allow Synchronous Control Signals                                          ; On                 ; On                 ;
; Force Use of Synchronous Clear Signals                                     ; Off                ; Off                ;
; Auto RAM Block Balancing                                                   ; On                 ; On                 ;
; Auto RAM to Logic Cell Conversion                                          ; Off                ; Off                ;
; Auto Resource Sharing                                                      ; Off                ; Off                ;
; Allow Any RAM Size For Recognition                                         ; Off                ; Off                ;
; Allow Any ROM Size For Recognition                                         ; Off                ; Off                ;
; Allow Any Shift Register Size For Recognition                              ; Off                ; Off                ;
; Use LogicLock Constraints during Resource Balancing                        ; On                 ; On                 ;
; Ignore translate_off and synthesis_off directives                          ; Off                ; Off                ;
; Timing-Driven Synthesis                                                    ; On                 ; On                 ;
; Report Parameter Settings                                                  ; On                 ; On                 ;
; Report Source Assignments                                                  ; On                 ; On                 ;
; Report Connectivity Checks                                                 ; On                 ; On                 ;
; Ignore Maximum Fan-Out Assignments                                         ; Off                ; Off                ;
; Synchronization Register Chain Length                                      ; 2                  ; 2                  ;
; PowerPlay Power Optimization During Synthesis                              ; Normal compilation ; Normal compilation ;
; HDL message level                                                          ; Level2             ; Level2             ;
; Suppress Register Optimization Related Messages                            ; Off                ; Off                ;
; Number of Removed Registers Reported in Synthesis Report                   ; 5000               ; 5000               ;
; Number of Swept Nodes Reported in Synthesis Report                         ; 5000               ; 5000               ;
; Number of Inverted Registers Reported in Synthesis Report                  ; 100                ; 100                ;
; Clock MUX Protection                                                       ; On                 ; On                 ;
; Auto Gated Clock Conversion                                                ; Off                ; Off                ;
; Block Design Naming                                                        ; Auto               ; Auto               ;
; SDC constraint protection                                                  ; Off                ; Off                ;
; Synthesis Effort                                                           ; Auto               ; Auto               ;
; Shift Register Replacement - Allow Asynchronous Clear Signal               ; On                 ; On                 ;
; Pre-Mapping Resynthesis Optimization                                       ; Off                ; Off                ;
; Analysis & Synthesis Message Level                                         ; Medium             ; Medium             ;
; Disable Register Merging Across Hierarchies                                ; Auto               ; Auto               ;
; Resource Aware Inference For Block RAM                                     ; On                 ; On                 ;
; Synthesis Seed                                                             ; 1                  ; 1                  ;
+----------------------------------------------------------------------------+--------------------+--------------------+


Parallel compilation was disabled, but you have multiple processors available. Enable parallel compilation to reduce compilation time.
+-------------------------------------+
; Parallel Compilation                ;
+----------------------------+--------+
; Processors                 ; Number ;
+----------------------------+--------+
; Number detected on machine ; 8      ;
; Maximum allowed            ; 1      ;
+----------------------------+--------+


+--------------------------------------------------------------------------------------------------------------------------------------------------------------+
; Analysis & Synthesis Source Files Read                                                                                                                       ;
+----------------------------------+-----------------+------------------------------+----------------------------------------------------------------+---------+
; File Name with User-Entered Path ; Used in Netlist ; File Type                    ; File Name with Absolute Path                                   ; Library ;
+----------------------------------+-----------------+------------------------------+----------------------------------------------------------------+---------+
; VGA_controller.sv                ; yes             ; User SystemVerilog HDL File  ; E:/Lab8_provided/VGA_controller.sv                             ;         ;
; lab8.sv                          ; yes             ; User SystemVerilog HDL File  ; E:/Lab8_provided/lab8.sv                                       ;         ;
; HexDriver.sv                     ; yes             ; User SystemVerilog HDL File  ; E:/Lab8_provided/HexDriver.sv                                  ;         ;
; Color_Mapper.sv                  ; yes             ; User SystemVerilog HDL File  ; E:/Lab8_provided/Color_Mapper.sv                               ;         ;
; ball.sv                          ; yes             ; User SystemVerilog HDL File  ; E:/Lab8_provided/ball.sv                                       ;         ;
; lpm_mult.tdf                     ; yes             ; Megafunction                 ; c:/altera/15.0/quartus/libraries/megafunctions/lpm_mult.tdf    ;         ;
; aglobal150.inc                   ; yes             ; Megafunction                 ; c:/altera/15.0/quartus/libraries/megafunctions/aglobal150.inc  ;         ;
; lpm_add_sub.inc                  ; yes             ; Megafunction                 ; c:/altera/15.0/quartus/libraries/megafunctions/lpm_add_sub.inc ;         ;
; multcore.inc                     ; yes             ; Megafunction                 ; c:/altera/15.0/quartus/libraries/megafunctions/multcore.inc    ;         ;
; bypassff.inc                     ; yes             ; Megafunction                 ; c:/altera/15.0/quartus/libraries/megafunctions/bypassff.inc    ;         ;
; altshift.inc                     ; yes             ; Megafunction                 ; c:/altera/15.0/quartus/libraries/megafunctions/altshift.inc    ;         ;
; db/mult_p5t.tdf                  ; yes             ; Auto-Generated Megafunction  ; E:/Lab8_provided/db/mult_p5t.tdf                               ;         ;
+----------------------------------+-----------------+------------------------------+----------------------------------------------------------------+---------+


+------------------------------------------------------------+
; Analysis & Synthesis Resource Usage Summary                ;
+---------------------------------------------+--------------+
; Resource                                    ; Usage        ;
+---------------------------------------------+--------------+
; Estimated Total logic elements              ; 136          ;
;                                             ;              ;
; Total combinational functions               ; 135          ;
; Logic element usage by number of LUT inputs ;              ;
;     -- 4 input functions                    ; 33           ;
;     -- 3 input functions                    ; 53           ;
;     -- <=2 input functions                  ; 49           ;
;                                             ;              ;
; Logic elements by mode                      ;              ;
;     -- normal mode                          ; 70           ;
;     -- arithmetic mode                      ; 65           ;
;                                             ;              ;
; Total registers                             ; 36           ;
;     -- Dedicated logic registers            ; 36           ;
;     -- I/O registers                        ; 0            ;
;                                             ;              ;
; I/O pins                                    ; 128          ;
;                                             ;              ;
; Embedded Multiplier 9-bit elements          ; 4            ;
;                                             ;              ;
; Maximum fan-out node                        ; KEY[0]~input ;
; Maximum fan-out                             ; 37           ;
; Total fan-out                               ; 717          ;
; Average fan-out                             ; 1.50         ;
+---------------------------------------------+--------------+


+---------------------------------------------------------------------------------------------------------------------------------------------------------------------------------------------------------------------------------------------------+
; Analysis & Synthesis Resource Utilization by Entity                                                                                                                                                                                               ;
+---------------------------------------------+-------------------+--------------+-------------+--------------+---------+-----------+------+--------------+--------------------------------------------------------------------------+--------------+
; Compilation Hierarchy Node                  ; LC Combinationals ; LC Registers ; Memory Bits ; DSP Elements ; DSP 9x9 ; DSP 18x18 ; Pins ; Virtual Pins ; Full Hierarchy Name                                                      ; Library Name ;
+---------------------------------------------+-------------------+--------------+-------------+--------------+---------+-----------+------+--------------+--------------------------------------------------------------------------+--------------+
; |lab8                                       ; 135 (1)           ; 36 (0)       ; 0           ; 4            ; 0       ; 2         ; 128  ; 0            ; |lab8                                                                    ; work         ;
;    |VGA_controller:vga_controller_instance| ; 48 (48)           ; 24 (24)      ; 0           ; 0            ; 0       ; 0         ; 0    ; 0            ; |lab8|VGA_controller:vga_controller_instance                             ; work         ;
;    |ball:ball_instance|                     ; 26 (26)           ; 12 (12)      ; 0           ; 0            ; 0       ; 0         ; 0    ; 0            ; |lab8|ball:ball_instance                                                 ; work         ;
;    |color_mapper:color_instance|            ; 60 (60)           ; 0 (0)        ; 0           ; 4            ; 0       ; 2         ; 0    ; 0            ; |lab8|color_mapper:color_instance                                        ; work         ;
;       |lpm_mult:Mult0|                      ; 0 (0)             ; 0 (0)        ; 0           ; 2            ; 0       ; 1         ; 0    ; 0            ; |lab8|color_mapper:color_instance|lpm_mult:Mult0                         ; work         ;
;          |mult_p5t:auto_generated|          ; 0 (0)             ; 0 (0)        ; 0           ; 2            ; 0       ; 1         ; 0    ; 0            ; |lab8|color_mapper:color_instance|lpm_mult:Mult0|mult_p5t:auto_generated ; work         ;
;       |lpm_mult:Mult1|                      ; 0 (0)             ; 0 (0)        ; 0           ; 2            ; 0       ; 1         ; 0    ; 0            ; |lab8|color_mapper:color_instance|lpm_mult:Mult1                         ; work         ;
;          |mult_p5t:auto_generated|          ; 0 (0)             ; 0 (0)        ; 0           ; 2            ; 0       ; 1         ; 0    ; 0            ; |lab8|color_mapper:color_instance|lpm_mult:Mult1|mult_p5t:auto_generated ; work         ;
+---------------------------------------------+-------------------+--------------+-------------+--------------+---------+-----------+------+--------------+--------------------------------------------------------------------------+--------------+
Note: For table entries with two numbers listed, the numbers in parentheses indicate the number of resources of the given type used by the specific entity alone. The numbers listed outside of parentheses indicate the total resources of the given type used by the specific entity and all of its sub-entities in the hierarchy.


+-----------------------------------------------------+
; Analysis & Synthesis DSP Block Usage Summary        ;
+---------------------------------------+-------------+
; Statistic                             ; Number Used ;
+---------------------------------------+-------------+
; Simple Multipliers (9-bit)            ; 0           ;
; Simple Multipliers (18-bit)           ; 2           ;
; Embedded Multiplier Blocks            ; --          ;
; Embedded Multiplier 9-bit elements    ; 4           ;
; Signed Embedded Multipliers           ; 2           ;
; Unsigned Embedded Multipliers         ; 0           ;
; Mixed Sign Embedded Multipliers       ; 0           ;
; Variable Sign Embedded Multipliers    ; 0           ;
; Dedicated Input Shift Register Chains ; 0           ;
+---------------------------------------+-------------+
Note: number of Embedded Multiplier Blocks used is only available after a successful fit.


+-------------------------------------------------------------------------------------------+
; Registers Removed During Synthesis                                                        ;
+-----------------------------------------+-------------------------------------------------+
; Register name                           ; Reason for Removal                              ;
+-----------------------------------------+-------------------------------------------------+
; ball:ball_instance|Ball_X_Motion[0..9]  ; Stuck at GND due to stuck port data_in          ;
; ball:ball_instance|Ball_X_Pos[1..5,7,9] ; Merged with ball:ball_instance|Ball_X_Pos[0]    ;
; ball:ball_instance|Ball_X_Pos[8]        ; Merged with ball:ball_instance|Ball_X_Pos[6]    ;
; ball:ball_instance|Ball_Y_Motion[2..9]  ; Merged with ball:ball_instance|Ball_Y_Motion[1] ;
; ball:ball_instance|Ball_X_Pos[0]        ; Stuck at GND due to stuck port data_in          ;
; ball:ball_instance|Ball_X_Pos[6]        ; Stuck at VCC due to stuck port data_in          ;
; Total Number of Removed Registers = 28  ;                                                 ;
+-----------------------------------------+-------------------------------------------------+


+----------------------------------------------------------------------------------------------------------+
; Removed Registers Triggering Further Register Optimizations                                              ;
+-------------------------------------+---------------------------+----------------------------------------+
; Register name                       ; Reason for Removal        ; Registers Removed due to This Register ;
+-------------------------------------+---------------------------+----------------------------------------+
; ball:ball_instance|Ball_X_Motion[0] ; Stuck at GND              ; ball:ball_instance|Ball_X_Pos[6]       ;
;                                     ; due to stuck port data_in ;                                        ;
+-------------------------------------+---------------------------+----------------------------------------+


+------------------------------------------------------+
; General Register Statistics                          ;
+----------------------------------------------+-------+
; Statistic                                    ; Value ;
+----------------------------------------------+-------+
; Total registers                              ; 36    ;
; Number of registers using Synchronous Clear  ; 0     ;
; Number of registers using Synchronous Load   ; 10    ;
; Number of registers using Asynchronous Clear ; 23    ;
; Number of registers using Asynchronous Load  ; 0     ;
; Number of registers using Clock Enable       ; 2     ;
; Number of registers using Preset             ; 0     ;
+----------------------------------------------+-------+


+----------------------------------------------------------------------------------------------------------------------------------------------------------------------------+
; Multiplexer Restructuring Statistics (Restructuring Performed)                                                                                                             ;
+--------------------+-----------+---------------+----------------------+------------------------+------------+--------------------------------------------------------------+
; Multiplexer Inputs ; Bus Width ; Baseline Area ; Area if Restructured ; Saving if Restructured ; Registered ; Example Multiplexer Output                                   ;
+--------------------+-----------+---------------+----------------------+------------------------+------------+--------------------------------------------------------------+
; 4:1                ; 2 bits    ; 4 LEs         ; 4 LEs                ; 0 LEs                  ; Yes        ; |lab8|ball:ball_instance|Ball_Y_Motion[1]                    ;
; 3:1                ; 9 bits    ; 18 LEs        ; 18 LEs               ; 0 LEs                  ; No         ; |lab8|VGA_controller:vga_controller_instance|v_counter_in[4] ;
+--------------------+-----------+---------------+----------------------+------------------------+------------+--------------------------------------------------------------+


+-------------------------------------------------------------------------------------+
; Parameter Settings for User Entity Instance: VGA_controller:vga_controller_instance ;
+----------------+------------+-------------------------------------------------------+
; Parameter Name ; Value      ; Type                                                  ;
+----------------+------------+-------------------------------------------------------+
; H_TOTAL        ; 1100100000 ; Unsigned Binary                                       ;
; V_TOTAL        ; 1000001101 ; Unsigned Binary                                       ;
+----------------+------------+-------------------------------------------------------+
Note: In order to hide this table in the UI and the text report file, please set the "Show Parameter Settings in Synthesis Report" option in "Analysis and Synthesis Settings -> More Settings" to "Off".


+-----------------------------------------------------------------+
; Parameter Settings for User Entity Instance: ball:ball_instance ;
+----------------+------------+-----------------------------------+
; Parameter Name ; Value      ; Type                              ;
+----------------+------------+-----------------------------------+
; Ball_X_Center  ; 0101000000 ; Unsigned Binary                   ;
; Ball_Y_Center  ; 0011110000 ; Unsigned Binary                   ;
; Ball_X_Min     ; 0000000000 ; Unsigned Binary                   ;
; Ball_X_Max     ; 1001111111 ; Unsigned Binary                   ;
; Ball_Y_Min     ; 0000000000 ; Unsigned Binary                   ;
; Ball_Y_Max     ; 0111011111 ; Unsigned Binary                   ;
; Ball_X_Step    ; 0000000001 ; Unsigned Binary                   ;
; Ball_Y_Step    ; 0000000001 ; Unsigned Binary                   ;
; Ball_Size      ; 0000000100 ; Unsigned Binary                   ;
+----------------+------------+-----------------------------------+
Note: In order to hide this table in the UI and the text report file, please set the "Show Parameter Settings in Synthesis Report" option in "Analysis and Synthesis Settings -> More Settings" to "Off".


+---------------------------------------------------------------------------------------------+
; Parameter Settings for Inferred Entity Instance: color_mapper:color_instance|lpm_mult:Mult1 ;
+------------------------------------------------+--------------+-----------------------------+
; Parameter Name                                 ; Value        ; Type                        ;
+------------------------------------------------+--------------+-----------------------------+
; AUTO_CARRY_CHAINS                              ; ON           ; AUTO_CARRY                  ;
; IGNORE_CARRY_BUFFERS                           ; OFF          ; IGNORE_CARRY                ;
; AUTO_CASCADE_CHAINS                            ; ON           ; AUTO_CASCADE                ;
; IGNORE_CASCADE_BUFFERS                         ; OFF          ; IGNORE_CASCADE              ;
; LPM_WIDTHA                                     ; 11           ; Untyped                     ;
; LPM_WIDTHB                                     ; 11           ; Untyped                     ;
; LPM_WIDTHP                                     ; 22           ; Untyped                     ;
; LPM_WIDTHR                                     ; 22           ; Untyped                     ;
; LPM_WIDTHS                                     ; 1            ; Untyped                     ;
; LPM_REPRESENTATION                             ; SIGNED       ; Untyped                     ;
; LPM_PIPELINE                                   ; 0            ; Untyped                     ;
; LATENCY                                        ; 0            ; Untyped                     ;
; INPUT_A_IS_CONSTANT                            ; NO           ; Untyped                     ;
; INPUT_B_IS_CONSTANT                            ; NO           ; Untyped                     ;
; USE_EAB                                        ; OFF          ; Untyped                     ;
; MAXIMIZE_SPEED                                 ; 6            ; Untyped                     ;
; DEVICE_FAMILY                                  ; Cyclone IV E ; Untyped                     ;
; CARRY_CHAIN                                    ; MANUAL       ; Untyped                     ;
; APEX20K_TECHNOLOGY_MAPPER                      ; LUT          ; TECH_MAPPER_APEX20K         ;
; DEDICATED_MULTIPLIER_CIRCUITRY                 ; AUTO         ; Untyped                     ;
; DEDICATED_MULTIPLIER_MIN_INPUT_WIDTH_FOR_AUTO  ; 0            ; Untyped                     ;
; DEDICATED_MULTIPLIER_MIN_OUTPUT_WIDTH_FOR_AUTO ; 0            ; Untyped                     ;
; CBXI_PARAMETER                                 ; mult_p5t     ; Untyped                     ;
; INPUT_A_FIXED_VALUE                            ; Bx           ; Untyped                     ;
; INPUT_B_FIXED_VALUE                            ; Bx           ; Untyped                     ;
; USE_AHDL_IMPLEMENTATION                        ; OFF          ; Untyped                     ;
+------------------------------------------------+--------------+-----------------------------+
Note: In order to hide this table in the UI and the text report file, please set the "Show Parameter Settings in Synthesis Report" option in "Analysis and Synthesis Settings -> More Settings" to "Off".


+---------------------------------------------------------------------------------------------+
; Parameter Settings for Inferred Entity Instance: color_mapper:color_instance|lpm_mult:Mult0 ;
+------------------------------------------------+--------------+-----------------------------+
; Parameter Name                                 ; Value        ; Type                        ;
+------------------------------------------------+--------------+-----------------------------+
; AUTO_CARRY_CHAINS                              ; ON           ; AUTO_CARRY                  ;
; IGNORE_CARRY_BUFFERS                           ; OFF          ; IGNORE_CARRY                ;
; AUTO_CASCADE_CHAINS                            ; ON           ; AUTO_CASCADE                ;
; IGNORE_CASCADE_BUFFERS                         ; OFF          ; IGNORE_CASCADE              ;
; LPM_WIDTHA                                     ; 11           ; Untyped                     ;
; LPM_WIDTHB                                     ; 11           ; Untyped                     ;
; LPM_WIDTHP                                     ; 22           ; Untyped                     ;
; LPM_WIDTHR                                     ; 22           ; Untyped                     ;
; LPM_WIDTHS                                     ; 1            ; Untyped                     ;
; LPM_REPRESENTATION                             ; SIGNED       ; Untyped                     ;
; LPM_PIPELINE                                   ; 0            ; Untyped                     ;
; LATENCY                                        ; 0            ; Untyped                     ;
; INPUT_A_IS_CONSTANT                            ; NO           ; Untyped                     ;
; INPUT_B_IS_CONSTANT                            ; NO           ; Untyped                     ;
; USE_EAB                                        ; OFF          ; Untyped                     ;
; MAXIMIZE_SPEED                                 ; 6            ; Untyped                     ;
; DEVICE_FAMILY                                  ; Cyclone IV E ; Untyped                     ;
; CARRY_CHAIN                                    ; MANUAL       ; Untyped                     ;
; APEX20K_TECHNOLOGY_MAPPER                      ; LUT          ; TECH_MAPPER_APEX20K         ;
; DEDICATED_MULTIPLIER_CIRCUITRY                 ; AUTO         ; Untyped                     ;
; DEDICATED_MULTIPLIER_MIN_INPUT_WIDTH_FOR_AUTO  ; 0            ; Untyped                     ;
; DEDICATED_MULTIPLIER_MIN_OUTPUT_WIDTH_FOR_AUTO ; 0            ; Untyped                     ;
; CBXI_PARAMETER                                 ; mult_p5t     ; Untyped                     ;
; INPUT_A_FIXED_VALUE                            ; Bx           ; Untyped                     ;
; INPUT_B_FIXED_VALUE                            ; Bx           ; Untyped                     ;
; USE_AHDL_IMPLEMENTATION                        ; OFF          ; Untyped                     ;
+------------------------------------------------+--------------+-----------------------------+
Note: In order to hide this table in the UI and the text report file, please set the "Show Parameter Settings in Synthesis Report" option in "Analysis and Synthesis Settings -> More Settings" to "Off".


+------------------------------------------------------------------------------------+
; lpm_mult Parameter Settings by Entity Instance                                     ;
+---------------------------------------+--------------------------------------------+
; Name                                  ; Value                                      ;
+---------------------------------------+--------------------------------------------+
; Number of entity instances            ; 2                                          ;
; Entity Instance                       ; color_mapper:color_instance|lpm_mult:Mult1 ;
;     -- LPM_WIDTHA                     ; 11                                         ;
;     -- LPM_WIDTHB                     ; 11                                         ;
;     -- LPM_WIDTHP                     ; 22                                         ;
;     -- LPM_REPRESENTATION             ; SIGNED                                     ;
;     -- INPUT_A_IS_CONSTANT            ; NO                                         ;
;     -- INPUT_B_IS_CONSTANT            ; NO                                         ;
;     -- USE_EAB                        ; OFF                                        ;
;     -- DEDICATED_MULTIPLIER_CIRCUITRY ; AUTO                                       ;
;     -- INPUT_A_FIXED_VALUE            ; Bx                                         ;
;     -- INPUT_B_FIXED_VALUE            ; Bx                                         ;
; Entity Instance                       ; color_mapper:color_instance|lpm_mult:Mult0 ;
;     -- LPM_WIDTHA                     ; 11                                         ;
;     -- LPM_WIDTHB                     ; 11                                         ;
;     -- LPM_WIDTHP                     ; 22                                         ;
;     -- LPM_REPRESENTATION             ; SIGNED                                     ;
;     -- INPUT_A_IS_CONSTANT            ; NO                                         ;
;     -- INPUT_B_IS_CONSTANT            ; NO                                         ;
;     -- USE_EAB                        ; OFF                                        ;
;     -- DEDICATED_MULTIPLIER_CIRCUITRY ; AUTO                                       ;
;     -- INPUT_A_FIXED_VALUE            ; Bx                                         ;
;     -- INPUT_B_FIXED_VALUE            ; Bx                                         ;
+---------------------------------------+--------------------------------------------+


+-----------------------------------------------------+
; Post-Synthesis Netlist Statistics for Top Partition ;
+-----------------------+-----------------------------+
; Type                  ; Count                       ;
+-----------------------+-----------------------------+
; boundary_port         ; 128                         ;
; cycloneiii_ff         ; 36                          ;
;     CLR               ; 23                          ;
;     ENA               ; 2                           ;
;     SLD               ; 10                          ;
;     plain             ; 1                           ;
; cycloneiii_io_obuf    ; 48                          ;
; cycloneiii_lcell_comb ; 137                         ;
;     arith             ; 65                          ;
;         2 data inputs ; 24                          ;
;         3 data inputs ; 41                          ;
;     normal            ; 72                          ;
;         0 data inputs ; 3                           ;
;         1 data inputs ; 4                           ;
;         2 data inputs ; 20                          ;
;         3 data inputs ; 12                          ;
;         4 data inputs ; 33                          ;
; cycloneiii_mac_mult   ; 2                           ;
; cycloneiii_mac_out    ; 2                           ;
;                       ;                             ;
; Max LUT depth         ; 6.80                        ;
; Average LUT depth     ; 3.72                        ;
+-----------------------+-----------------------------+


+-------------------------------+
; Elapsed Time Per Partition    ;
+----------------+--------------+
; Partition Name ; Elapsed Time ;
+----------------+--------------+
; Top            ; 00:00:02     ;
+----------------+--------------+


+-------------------------------+
; Analysis & Synthesis Messages ;
+-------------------------------+
Info: *******************************************************************
Info: Running Quartus II 64-Bit Analysis & Synthesis
    Info: Version 15.0.0 Build 145 04/22/2015 SJ Web Edition
    Info: Processing started: Fri Mar 03 12:44:02 2017
Info: Command: quartus_map --read_settings_files=on --write_settings_files=off lab8 -c lab8
Warning (20028): Parallel compilation is not licensed and has been disabled
Info (12021): Found 1 design units, including 1 entities, in source file vga_controller.sv
    Info (12023): Found entity 1: VGA_controller
Info (12021): Found 1 design units, including 1 entities, in source file lab8.sv
    Info (12023): Found entity 1: lab8
Info (12021): Found 1 design units, including 1 entities, in source file hpi_io_intf.sv
    Info (12023): Found entity 1: hpi_io_intf
Info (12021): Found 1 design units, including 1 entities, in source file hexdriver.sv
    Info (12023): Found entity 1: HexDriver
Info (12021): Found 1 design units, including 1 entities, in source file color_mapper.sv
    Info (12023): Found entity 1: color_mapper
Info (12021): Found 1 design units, including 1 entities, in source file ball.sv
    Info (12023): Found entity 1: ball
Info (12127): Elaborating entity "lab8" for the top level hierarchy
Warning (10034): Output port "OTG_ADDR" at lab8.sv(27) has no driver
Warning (10034): Output port "DRAM_ADDR" at lab8.sv(34) has no driver
Warning (10034): Output port "DRAM_BA" at lab8.sv(36) has no driver
Warning (10034): Output port "DRAM_DQM" at lab8.sv(37) has no driver
Warning (10034): Output port "OTG_CS_N" at lab8.sv(28) has no driver
Warning (10034): Output port "OTG_RD_N" at lab8.sv(29) has no driver
Warning (10034): Output port "OTG_WR_N" at lab8.sv(30) has no driver
Warning (10034): Output port "OTG_RST_N" at lab8.sv(31) has no driver
Warning (10034): Output port "DRAM_RAS_N" at lab8.sv(38) has no driver
Warning (10034): Output port "DRAM_CAS_N" at lab8.sv(39) has no driver
Warning (10034): Output port "DRAM_CKE" at lab8.sv(40) has no driver
Warning (10034): Output port "DRAM_WE_N" at lab8.sv(41) has no driver
Warning (10034): Output port "DRAM_CS_N" at lab8.sv(42) has no driver
Warning (10034): Output port "DRAM_CLK" at lab8.sv(44) has no driver
Info (12128): Elaborating entity "VGA_controller" for hierarchy "VGA_controller:vga_controller_instance"
Info (12128): Elaborating entity "ball" for hierarchy "ball:ball_instance"
Info (12128): Elaborating entity "color_mapper" for hierarchy "color_mapper:color_instance"
Info (12128): Elaborating entity "HexDriver" for hierarchy "HexDriver:hex_inst_0"
Info (278001): Inferred 2 megafunctions from design logic
    Info (278003): Inferred multiplier megafunction ("lpm_mult") from the following logic: "color_mapper:color_instance|Mult1"
    Info (278003): Inferred multiplier megafunction ("lpm_mult") from the following logic: "color_mapper:color_instance|Mult0"
Info (12130): Elaborated megafunction instantiation "color_mapper:color_instance|lpm_mult:Mult1"
Info (12133): Instantiated megafunction "color_mapper:color_instance|lpm_mult:Mult1" with the following parameter:
    Info (12134): Parameter "LPM_WIDTHA" = "11"
    Info (12134): Parameter "LPM_WIDTHB" = "11"
    Info (12134): Parameter "LPM_WIDTHP" = "22"
    Info (12134): Parameter "LPM_WIDTHR" = "22"
    Info (12134): Parameter "LPM_WIDTHS" = "1"
    Info (12134): Parameter "LPM_REPRESENTATION" = "SIGNED"
    Info (12134): Parameter "INPUT_A_IS_CONSTANT" = "NO"
    Info (12134): Parameter "INPUT_B_IS_CONSTANT" = "NO"
    Info (12134): Parameter "MAXIMIZE_SPEED" = "6"
Info (12021): Found 1 design units, including 1 entities, in source file db/mult_p5t.tdf
    Info (12023): Found entity 1: mult_p5t
Info (12130): Elaborated megafunction instantiation "color_mapper:color_instance|lpm_mult:Mult0"
Info (12133): Instantiated megafunction "color_mapper:color_instance|lpm_mult:Mult0" with the following parameter:
    Info (12134): Parameter "LPM_WIDTHA" = "11"
    Info (12134): Parameter "LPM_WIDTHB" = "11"
    Info (12134): Parameter "LPM_WIDTHP" = "22"
    Info (12134): Parameter "LPM_WIDTHR" = "22"
    Info (12134): Parameter "LPM_WIDTHS" = "1"
    Info (12134): Parameter "LPM_REPRESENTATION" = "SIGNED"
    Info (12134): Parameter "INPUT_A_IS_CONSTANT" = "NO"
    Info (12134): Parameter "INPUT_B_IS_CONSTANT" = "NO"
    Info (12134): Parameter "MAXIMIZE_SPEED" = "6"
Warning (13039): The following bidirectional pins have no drivers
    Warning (13040): bidirectional pin "OTG_DATA[0]" has no driver
    Warning (13040): bidirectional pin "OTG_DATA[1]" has no driver
    Warning (13040): bidirectional pin "OTG_DATA[2]" has no driver
    Warning (13040): bidirectional pin "OTG_DATA[3]" has no driver
    Warning (13040): bidirectional pin "OTG_DATA[4]" has no driver
    Warning (13040): bidirectional pin "OTG_DATA[5]" has no driver
    Warning (13040): bidirectional pin "OTG_DATA[6]" has no driver
    Warning (13040): bidirectional pin "OTG_DATA[7]" has no driver
    Warning (13040): bidirectional pin "OTG_DATA[8]" has no driver
    Warning (13040): bidirectional pin "OTG_DATA[9]" has no driver
    Warning (13040): bidirectional pin "OTG_DATA[10]" has no driver
    Warning (13040): bidirectional pin "OTG_DATA[11]" has no driver
    Warning (13040): bidirectional pin "OTG_DATA[12]" has no driver
    Warning (13040): bidirectional pin "OTG_DATA[13]" has no driver
    Warning (13040): bidirectional pin "OTG_DATA[14]" has no driver
    Warning (13040): bidirectional pin "OTG_DATA[15]" has no driver
    Warning (13040): bidirectional pin "DRAM_DQ[0]" has no driver
    Warning (13040): bidirectional pin "DRAM_DQ[1]" has no driver
    Warning (13040): bidirectional pin "DRAM_DQ[2]" has no driver
    Warning (13040): bidirectional pin "DRAM_DQ[3]" has no driver
    Warning (13040): bidirectional pin "DRAM_DQ[4]" has no driver
    Warning (13040): bidirectional pin "DRAM_DQ[5]" has no driver
    Warning (13040): bidirectional pin "DRAM_DQ[6]" has no driver
    Warning (13040): bidirectional pin "DRAM_DQ[7]" has no driver
    Warning (13040): bidirectional pin "DRAM_DQ[8]" has no driver
    Warning (13040): bidirectional pin "DRAM_DQ[9]" has no driver
    Warning (13040): bidirectional pin "DRAM_DQ[10]" has no driver
    Warning (13040): bidirectional pin "DRAM_DQ[11]" has no driver
    Warning (13040): bidirectional pin "DRAM_DQ[12]" has no driver
    Warning (13040): bidirectional pin "DRAM_DQ[13]" has no driver
    Warning (13040): bidirectional pin "DRAM_DQ[14]" has no driver
    Warning (13040): bidirectional pin "DRAM_DQ[15]" has no driver
    Warning (13040): bidirectional pin "DRAM_DQ[16]" has no driver
    Warning (13040): bidirectional pin "DRAM_DQ[17]" has no driver
    Warning (13040): bidirectional pin "DRAM_DQ[18]" has no driver
    Warning (13040): bidirectional pin "DRAM_DQ[19]" has no driver
    Warning (13040): bidirectional pin "DRAM_DQ[20]" has no driver
    Warning (13040): bidirectional pin "DRAM_DQ[21]" has no driver
    Warning (13040): bidirectional pin "DRAM_DQ[22]" has no driver
    Warning (13040): bidirectional pin "DRAM_DQ[23]" has no driver
    Warning (13040): bidirectional pin "DRAM_DQ[24]" has no driver
    Warning (13040): bidirectional pin "DRAM_DQ[25]" has no driver
    Warning (13040): bidirectional pin "DRAM_DQ[26]" has no driver
    Warning (13040): bidirectional pin "DRAM_DQ[27]" has no driver
    Warning (13040): bidirectional pin "DRAM_DQ[28]" has no driver
    Warning (13040): bidirectional pin "DRAM_DQ[29]" has no driver
    Warning (13040): bidirectional pin "DRAM_DQ[30]" has no driver
    Warning (13040): bidirectional pin "DRAM_DQ[31]" has no driver
Warning (13024): Output pins are stuck at VCC or GND
    Warning (13410): Pin "HEX0[0]" is stuck at GND
    Warning (13410): Pin "HEX0[1]" is stuck at GND
    Warning (13410): Pin "HEX0[2]" is stuck at GND
    Warning (13410): Pin "HEX0[3]" is stuck at GND
    Warning (13410): Pin "HEX0[4]" is stuck at GND
    Warning (13410): Pin "HEX0[5]" is stuck at GND
    Warning (13410): Pin "HEX0[6]" is stuck at VCC
    Warning (13410): Pin "HEX1[0]" is stuck at GND
    Warning (13410): Pin "HEX1[1]" is stuck at GND
    Warning (13410): Pin "HEX1[2]" is stuck at GND
    Warning (13410): Pin "HEX1[3]" is stuck at GND
    Warning (13410): Pin "HEX1[4]" is stuck at GND
    Warning (13410): Pin "HEX1[5]" is stuck at GND
    Warning (13410): Pin "HEX1[6]" is stuck at VCC
    Warning (13410): Pin "VGA_R[0]" is stuck at VCC
    Warning (13410): Pin "VGA_R[1]" is stuck at VCC
    Warning (13410): Pin "VGA_R[2]" is stuck at VCC
    Warning (13410): Pin "VGA_R[3]" is stuck at VCC
    Warning (13410): Pin "VGA_R[4]" is stuck at VCC
    Warning (13410): Pin "VGA_R[5]" is stuck at VCC
    Warning (13410): Pin "VGA_SYNC_N" is stuck at GND
    Warning (13410): Pin "OTG_ADDR[0]" is stuck at GND
    Warning (13410): Pin "OTG_ADDR[1]" is stuck at GND
    Warning (13410): Pin "OTG_CS_N" is stuck at GND
    Warning (13410): Pin "OTG_RD_N" is stuck at GND
    Warning (13410): Pin "OTG_WR_N" is stuck at GND
    Warning (13410): Pin "OTG_RST_N" is stuck at GND
    Warning (13410): Pin "DRAM_ADDR[0]" is stuck at GND
    Warning (13410): Pin "DRAM_ADDR[1]" is stuck at GND
    Warning (13410): Pin "DRAM_ADDR[2]" is stuck at GND
    Warning (13410): Pin "DRAM_ADDR[3]" is stuck at GND
    Warning (13410): Pin "DRAM_ADDR[4]" is stuck at GND
    Warning (13410): Pin "DRAM_ADDR[5]" is stuck at GND
    Warning (13410): Pin "DRAM_ADDR[6]" is stuck at GND
    Warning (13410): Pin "DRAM_ADDR[7]" is stuck at GND
    Warning (13410): Pin "DRAM_ADDR[8]" is stuck at GND
    Warning (13410): Pin "DRAM_ADDR[9]" is stuck at GND
    Warning (13410): Pin "DRAM_ADDR[10]" is stuck at GND
    Warning (13410): Pin "DRAM_ADDR[11]" is stuck at GND
    Warning (13410): Pin "DRAM_ADDR[12]" is stuck at GND
    Warning (13410): Pin "DRAM_BA[0]" is stuck at GND
    Warning (13410): Pin "DRAM_BA[1]" is stuck at GND
    Warning (13410): Pin "DRAM_DQM[0]" is stuck at GND
    Warning (13410): Pin "DRAM_DQM[1]" is stuck at GND
    Warning (13410): Pin "DRAM_DQM[2]" is stuck at GND
    Warning (13410): Pin "DRAM_DQM[3]" is stuck at GND
    Warning (13410): Pin "DRAM_RAS_N" is stuck at GND
    Warning (13410): Pin "DRAM_CAS_N" is stuck at GND
    Warning (13410): Pin "DRAM_CKE" is stuck at GND
    Warning (13410): Pin "DRAM_WE_N" is stuck at GND
    Warning (13410): Pin "DRAM_CS_N" is stuck at GND
    Warning (13410): Pin "DRAM_CLK" is stuck at GND
Info (286030): Timing-Driven Synthesis is running
Warning (20013): Ignored assignments for entity "DE2_115_Default" -- entity does not exist in design
    Warning (20014): Assignment for entity set_global_assignment -name LL_ROOT_REGION ON -entity DE2_115_Default -section_id "Root Region" was ignored
    Warning (20014): Assignment for entity set_global_assignment -name LL_MEMBER_STATE LOCKED -entity DE2_115_Default -section_id "Root Region" was ignored
    Warning (20014): Assignment for entity set_global_assignment -name LL_ROUTING_REGION OFF -entity DE2_115_Default -section_id "Root Region" was ignored
    Warning (20014): Assignment for entity set_instance_assignment -name PARTITION_HIERARCHY root_partition -to | -entity DE2_115_Default -section_id Top was ignored
    Warning (20014): Assignment for entity set_global_assignment -name PARTITION_NETLIST_TYPE SOURCE -entity DE2_115_Default -section_id Top was ignored
    Warning (20014): Assignment for entity set_global_assignment -name PARTITION_FITTER_PRESERVATION_LEVEL PLACEMENT_AND_ROUTING -entity DE2_115_Default -section_id Top was ignored
    Warning (20014): Assignment for entity set_global_assignment -name PARTITION_PRESERVE_HIGH_SPEED_TILES ON -entity DE2_115_Default -section_id Top was ignored
    Warning (20014): Assignment for entity set_global_assignment -name PARTITION_IGNORE_SOURCE_FILE_CHANGES OFF -entity DE2_115_Default -section_id Top was ignored
    Warning (20014): Assignment for entity set_global_assignment -name PARTITION_ALWAYS_USE_QXP_NETLIST OFF -entity DE2_115_Default -section_id Top was ignored
    Warning (20014): Assignment for entity set_global_assignment -name PARTITION_COLOR 16764057 -entity DE2_115_Default -section_id Top was ignored
    Warning (20014): Assignment for entity set_global_assignment -name PARTITION_IMPORT_ASSIGNMENTS ON -entity DE2_115_Default -section_id Top was ignored
    Warning (20014): Assignment for entity set_global_assignment -name PARTITION_IMPORT_EXISTING_ASSIGNMENTS REPLACE_CONFLICTING -entity DE2_115_Default -section_id Top was ignored
    Warning (20014): Assignment for entity set_global_assignment -name PARTITION_IMPORT_EXISTING_LOGICLOCK_REGIONS UPDATE_CONFLICTING -entity DE2_115_Default -section_id Top was ignored
    Warning (20014): Assignment for entity set_global_assignment -name PARTITION_IMPORT_PIN_ASSIGNMENTS ON -entity DE2_115_Default -section_id Top was ignored
    Warning (20014): Assignment for entity set_global_assignment -name PARTITION_IMPORT_PROMOTE_ASSIGNMENTS ON -entity DE2_115_Default -section_id Top was ignored
    Warning (20014): Assignment for entity set_global_assignment -name PARTITION_TYPE STANDARD_PARTITION -entity DE2_115_Default -section_id Top was ignored
    Warning (20014): Assignment for entity set_global_assignment -name ALLOW_MULTIPLE_PERSONAS OFF -entity DE2_115_Default -section_id Top was ignored
    Warning (20014): Assignment for entity set_global_assignment -name PARTITION_ASD_REGION_ID 1 -entity DE2_115_Default -section_id Top was ignored
    Warning (20014): Assignment for entity set_global_assignment -name CROSS_BOUNDARY_OPTIMIZATIONS OFF -entity DE2_115_Default -section_id Top was ignored
    Warning (20014): Assignment for entity set_global_assignment -name PROPAGATE_CONSTANTS_ON_INPUTS ON -entity DE2_115_Default -section_id Top was ignored
    Warning (20014): Assignment for entity set_global_assignment -name PROPAGATE_INVERSIONS_ON_INPUTS ON -entity DE2_115_Default -section_id Top was ignored
    Warning (20014): Assignment for entity set_global_assignment -name REMOVE_LOGIC_ON_UNCONNECTED_OUTPUTS ON -entity DE2_115_Default -section_id Top was ignored
    Warning (20014): Assignment for entity set_global_assignment -name MERGE_EQUIVALENT_INPUTS ON -entity DE2_115_Default -section_id Top was ignored
    Warning (20014): Assignment for entity set_global_assignment -name MERGE_EQUIVALENT_BIDIRS ON -entity DE2_115_Default -section_id Top was ignored
    Warning (20014): Assignment for entity set_global_assignment -name ABSORB_PATHS_FROM_OUTPUTS_TO_INPUTS ON -entity DE2_115_Default -section_id Top was ignored
    Warning (20014): Assignment for entity set_global_assignment -name PARTITION_EXTRACT_HARD_BLOCK_NODES ON -entity DE2_115_Default -section_id Top was ignored
    Warning (20014): Assignment for entity set_global_assignment -name PARTITION_ENABLE_STRICT_PRESERVATION OFF -entity DE2_115_Default -section_id Top was ignored
Info (144001): Generated suppressed messages file E:/Lab8_provided/lab8.map.smsg
Info (16010): Generating hard_block partition "hard_block:auto_generated_inst"
    Info (16011): Adding 0 node(s), including 0 DDIO, 0 PLL, 0 transceiver and 0 LCELL
Warning (21074): Design contains 4 input pin(s) that do not drive logic
    Warning (15610): No output dependent on input pin "KEY[1]"
    Warning (15610): No output dependent on input pin "KEY[2]"
    Warning (15610): No output dependent on input pin "KEY[3]"
    Warning (15610): No output dependent on input pin "OTG_INT"
Info (21057): Implemented 284 device resources after synthesis - the final resource count might be different
    Info (21058): Implemented 6 input pins
    Info (21059): Implemented 74 output pins
    Info (21060): Implemented 48 bidirectional pins
    Info (21061): Implemented 152 logic cells
    Info (21062): Implemented 4 DSP elements
Info: Quartus II 64-Bit Analysis & Synthesis was successful. 0 errors, 150 warnings
    Info: Peak virtual memory: 683 megabytes
    Info: Processing ended: Fri Mar 03 12:44:38 2017
    Info: Elapsed time: 00:00:36
    Info: Total CPU time (on all processors): 00:00:24


+------------------------------------------+
; Analysis & Synthesis Suppressed Messages ;
+------------------------------------------+
The suppressed messages can be found in E:/Lab8_provided/lab8.map.smsg.


