------------------------------------------------------------
TimeQuest Timing Analyzer Summary
------------------------------------------------------------

Type  : Slow 1200mV 85C Model Setup 'GPIO[10]'
Slack : -3.608
TNS   : -627.933

Type  : Slow 1200mV 85C Model Setup 'CCD_MCLK'
Slack : -2.666
TNS   : -238.587

Type  : Slow 1200mV 85C Model Setup 'I2C_CCD_Config:u7|mI2C_CTRL_CLK'
Slack : -2.511
TNS   : -92.494

Type  : Slow 1200mV 85C Model Setup 'CLOCK_50'
Slack : -0.523
TNS   : -0.990

Type  : Slow 1200mV 85C Model Setup 'u6|sdram_pll1|altpll_component|pll|clk[0]'
Slack : 1.550
TNS   : 0.000

Type  : Slow 1200mV 85C Model Hold 'CLOCK_50'
Slack : 0.341
TNS   : 0.000

Type  : Slow 1200mV 85C Model Hold 'u6|sdram_pll1|altpll_component|pll|clk[0]'
Slack : 0.347
TNS   : 0.000

Type  : Slow 1200mV 85C Model Hold 'CCD_MCLK'
Slack : 0.388
TNS   : 0.000

Type  : Slow 1200mV 85C Model Hold 'I2C_CCD_Config:u7|mI2C_CTRL_CLK'
Slack : 0.404
TNS   : 0.000

Type  : Slow 1200mV 85C Model Hold 'GPIO[10]'
Slack : 0.438
TNS   : 0.000

Type  : Slow 1200mV 85C Model Recovery 'GPIO[10]'
Slack : -3.314
TNS   : -673.632

Type  : Slow 1200mV 85C Model Recovery 'CCD_MCLK'
Slack : -2.962
TNS   : -328.379

Type  : Slow 1200mV 85C Model Recovery 'u6|sdram_pll1|altpll_component|pll|clk[0]'
Slack : 2.912
TNS   : 0.000

Type  : Slow 1200mV 85C Model Removal 'CCD_MCLK'
Slack : 1.069
TNS   : 0.000

Type  : Slow 1200mV 85C Model Removal 'GPIO[10]'
Slack : 3.077
TNS   : 0.000

Type  : Slow 1200mV 85C Model Removal 'u6|sdram_pll1|altpll_component|pll|clk[0]'
Slack : 5.274
TNS   : 0.000

Type  : Slow 1200mV 85C Model Minimum Pulse Width 'GPIO[10]'
Slack : -3.210
TNS   : -570.316

Type  : Slow 1200mV 85C Model Minimum Pulse Width 'CCD_MCLK'
Slack : -2.693
TNS   : -212.653

Type  : Slow 1200mV 85C Model Minimum Pulse Width 'I2C_CCD_Config:u7|mI2C_CTRL_CLK'
Slack : -1.285
TNS   : -64.250

Type  : Slow 1200mV 85C Model Minimum Pulse Width 'u6|sdram_pll1|altpll_component|pll|clk[0]'
Slack : 4.706
TNS   : 0.000

Type  : Slow 1200mV 85C Model Minimum Pulse Width 'CLOCK_50'
Slack : 9.683
TNS   : 0.000

Type  : Slow 1200mV 0C Model Setup 'GPIO[10]'
Slack : -3.263
TNS   : -549.623

Type  : Slow 1200mV 0C Model Setup 'CCD_MCLK'
Slack : -2.381
TNS   : -208.617

Type  : Slow 1200mV 0C Model Setup 'I2C_CCD_Config:u7|mI2C_CTRL_CLK'
Slack : -2.176
TNS   : -79.429

Type  : Slow 1200mV 0C Model Setup 'CLOCK_50'
Slack : -0.473
TNS   : -0.869

Type  : Slow 1200mV 0C Model Setup 'u6|sdram_pll1|altpll_component|pll|clk[0]'
Slack : 2.337
TNS   : 0.000

Type  : Slow 1200mV 0C Model Hold 'CLOCK_50'
Slack : 0.330
TNS   : 0.000

Type  : Slow 1200mV 0C Model Hold 'u6|sdram_pll1|altpll_component|pll|clk[0]'
Slack : 0.339
TNS   : 0.000

Type  : Slow 1200mV 0C Model Hold 'CCD_MCLK'
Slack : 0.342
TNS   : 0.000

Type  : Slow 1200mV 0C Model Hold 'I2C_CCD_Config:u7|mI2C_CTRL_CLK'
Slack : 0.354
TNS   : 0.000

Type  : Slow 1200mV 0C Model Hold 'GPIO[10]'
Slack : 0.387
TNS   : 0.000

Type  : Slow 1200mV 0C Model Recovery 'GPIO[10]'
Slack : -2.813
TNS   : -563.522

Type  : Slow 1200mV 0C Model Recovery 'CCD_MCLK'
Slack : -2.588
TNS   : -285.109

Type  : Slow 1200mV 0C Model Recovery 'u6|sdram_pll1|altpll_component|pll|clk[0]'
Slack : 3.697
TNS   : 0.000

Type  : Slow 1200mV 0C Model Removal 'CCD_MCLK'
Slack : 0.991
TNS   : 0.000

Type  : Slow 1200mV 0C Model Removal 'GPIO[10]'
Slack : 2.640
TNS   : 0.000

Type  : Slow 1200mV 0C Model Removal 'u6|sdram_pll1|altpll_component|pll|clk[0]'
Slack : 4.621
TNS   : 0.000

Type  : Slow 1200mV 0C Model Minimum Pulse Width 'GPIO[10]'
Slack : -3.210
TNS   : -566.488

Type  : Slow 1200mV 0C Model Minimum Pulse Width 'CCD_MCLK'
Slack : -2.649
TNS   : -211.509

Type  : Slow 1200mV 0C Model Minimum Pulse Width 'I2C_CCD_Config:u7|mI2C_CTRL_CLK'
Slack : -1.285
TNS   : -64.250

Type  : Slow 1200mV 0C Model Minimum Pulse Width 'u6|sdram_pll1|altpll_component|pll|clk[0]'
Slack : 4.691
TNS   : 0.000

Type  : Slow 1200mV 0C Model Minimum Pulse Width 'CLOCK_50'
Slack : 9.688
TNS   : 0.000

Type  : Fast 1200mV 0C Model Setup 'GPIO[10]'
Slack : -1.244
TNS   : -153.075

Type  : Fast 1200mV 0C Model Setup 'CCD_MCLK'
Slack : -0.911
TNS   : -64.184

Type  : Fast 1200mV 0C Model Setup 'I2C_CCD_Config:u7|mI2C_CTRL_CLK'
Slack : -0.722
TNS   : -18.988

Type  : Fast 1200mV 0C Model Setup 'CLOCK_50'
Slack : -0.149
TNS   : -0.160

Type  : Fast 1200mV 0C Model Setup 'u6|sdram_pll1|altpll_component|pll|clk[0]'
Slack : 5.550
TNS   : 0.000

Type  : Fast 1200mV 0C Model Hold 'CLOCK_50'
Slack : 0.145
TNS   : 0.000

Type  : Fast 1200mV 0C Model Hold 'u6|sdram_pll1|altpll_component|pll|clk[0]'
Slack : 0.146
TNS   : 0.000

Type  : Fast 1200mV 0C Model Hold 'CCD_MCLK'
Slack : 0.176
TNS   : 0.000

Type  : Fast 1200mV 0C Model Hold 'I2C_CCD_Config:u7|mI2C_CTRL_CLK'
Slack : 0.182
TNS   : 0.000

Type  : Fast 1200mV 0C Model Hold 'GPIO[10]'
Slack : 0.196
TNS   : 0.000

Type  : Fast 1200mV 0C Model Recovery 'GPIO[10]'
Slack : -1.469
TNS   : -286.205

Type  : Fast 1200mV 0C Model Recovery 'CCD_MCLK'
Slack : -1.039
TNS   : -108.423

Type  : Fast 1200mV 0C Model Recovery 'u6|sdram_pll1|altpll_component|pll|clk[0]'
Slack : 6.182
TNS   : 0.000

Type  : Fast 1200mV 0C Model Removal 'CCD_MCLK'
Slack : 0.460
TNS   : 0.000

Type  : Fast 1200mV 0C Model Removal 'GPIO[10]'
Slack : 1.726
TNS   : 0.000

Type  : Fast 1200mV 0C Model Removal 'u6|sdram_pll1|altpll_component|pll|clk[0]'
Slack : 2.802
TNS   : 0.000

Type  : Fast 1200mV 0C Model Minimum Pulse Width 'GPIO[10]'
Slack : -3.000
TNS   : -516.961

Type  : Fast 1200mV 0C Model Minimum Pulse Width 'CCD_MCLK'
Slack : -1.000
TNS   : -137.000

Type  : Fast 1200mV 0C Model Minimum Pulse Width 'I2C_CCD_Config:u7|mI2C_CTRL_CLK'
Slack : -1.000
TNS   : -50.000

Type  : Fast 1200mV 0C Model Minimum Pulse Width 'u6|sdram_pll1|altpll_component|pll|clk[0]'
Slack : 4.753
TNS   : 0.000

Type  : Fast 1200mV 0C Model Minimum Pulse Width 'CLOCK_50'
Slack : 9.265
TNS   : 0.000

------------------------------------------------------------
