Flow report for TR1_CCD
Tue Apr 04 20:05:39 2006
Version 5.1 Build 213 01/19/2006 Service Pack 1 SJ Full Version


---------------------
; Table of Contents ;
---------------------
  1. Legal Notice
  2. Flow Summary
  3. Flow Settings
  4. Flow Elapsed Time
  5. Flow Log



----------------
; Legal Notice ;
----------------
Copyright (C) 1991-2006 Altera Corporation
Your use of Altera Corporation's design tools, logic functions 
and other software and tools, and its AMPP partner logic 
functions, and any output files any of the foregoing 
(including device programming or simulation files), and any 
associated documentation or information are expressly subject 
to the terms and conditions of the Altera Program License 
Subscription Agreement, Altera MegaCore Function License 
Agreement, or other applicable license agreement, including, 
without limitation, that your use is for the sole purpose of 
programming logic devices manufactured by Altera and sold by 
Altera or its authorized distributors.  Please refer to the 
applicable agreement for further details.



+-------------------------------------------------------------------------+
; Flow Summary                                                            ;
+-------------------------+-----------------------------------------------+
; Flow Status             ; Successful - Tue Apr 04 20:05:38 2006         ;
; Quartus II Version      ; 5.1 Build 213 01/19/2006 SP 1 SJ Full Version ;
; Revision Name           ; TR1_CCD                                       ;
; Top-level Entity Name   ; TR1_CCD                                       ;
; Family                  ; Cyclone                                       ;
; Device                  ; EP1C6Q240C8                                   ;
; Timing Models           ; Final                                         ;
; Met timing requirements ; Yes                                           ;
; Total logic elements    ; 1,470 / 5,980 ( 25 % )                        ;
; Total pins              ; 159 / 185 ( 86 % )                            ;
; Total virtual pins      ; 0                                             ;
; Total memory bits       ; 48,088 / 92,160 ( 52 % )                      ;
; Total PLLs              ; 1 / 2 ( 50 % )                                ;
+-------------------------+-----------------------------------------------+


+-----------------------------------------+
; Flow Settings                           ;
+-------------------+---------------------+
; Option            ; Setting             ;
+-------------------+---------------------+
; Start date & time ; 04/04/2006 20:02:42 ;
; Main task         ; Compilation         ;
; Revision Name     ; TR1_CCD             ;
+-------------------+---------------------+


+-------------------------------------+
; Flow Elapsed Time                   ;
+----------------------+--------------+
; Module Name          ; Elapsed Time ;
+----------------------+--------------+
; Analysis & Synthesis ; 00:00:32     ;
; Fitter               ; 00:02:16     ;
; Assembler            ; 00:00:02     ;
; Timing Analyzer      ; 00:00:04     ;
; Total                ; 00:02:54     ;
+----------------------+--------------+


------------
; Flow Log ;
------------
quartus_map --read_settings_files=on --write_settings_files=off TR1_CCD -c TR1_CCD
quartus_fit --read_settings_files=off --write_settings_files=off TR1_CCD -c TR1_CCD
quartus_asm --read_settings_files=off --write_settings_files=off TR1_CCD -c TR1_CCD
quartus_tan --read_settings_files=off --write_settings_files=off TR1_CCD -c TR1_CCD --timing_analysis_only



